Archive member included to satisfy reference by file (symbol)

c:/intelfpga_lite/22.1std/nios2eds/bin/gnu/h-x86_64-mingw32/bin/../lib/gcc/nios2-elf/12.2.1/mno-hw-mul\libgcc.a(lib2-divmod.o)
                              obj/default/hello_world_small.o (__divsi3)
c:/Users/Zaet/Desktop/CE4303-Operating_Systems/Tarea_1/software/Tarea1_Clock_bsp/\libhal_bsp.a(alt_iic.o)
                              obj/default/hello_world_small.o (alt_ic_isr_register)
c:/Users/Zaet/Desktop/CE4303-Operating_Systems/Tarea_1/software/Tarea1_Clock_bsp/\libhal_bsp.a(alt_iic_isr_register.o)
                              c:/Users/Zaet/Desktop/CE4303-Operating_Systems/Tarea_1/software/Tarea1_Clock_bsp/\libhal_bsp.a(alt_iic.o) (alt_iic_isr_register)
c:/Users/Zaet/Desktop/CE4303-Operating_Systems/Tarea_1/software/Tarea1_Clock_bsp/\libhal_bsp.a(alt_irq_entry.o)
                              c:/Users/Zaet/Desktop/CE4303-Operating_Systems/Tarea_1/software/Tarea1_Clock_bsp/\libhal_bsp.a(alt_iic_isr_register.o) (alt_irq_entry)
c:/Users/Zaet/Desktop/CE4303-Operating_Systems/Tarea_1/software/Tarea1_Clock_bsp/\libhal_bsp.a(alt_irq_handler.o)
                              c:/Users/Zaet/Desktop/CE4303-Operating_Systems/Tarea_1/software/Tarea1_Clock_bsp/\libhal_bsp.a(alt_iic_isr_register.o) (alt_irq_handler)
c:/Users/Zaet/Desktop/CE4303-Operating_Systems/Tarea_1/software/Tarea1_Clock_bsp/\libhal_bsp.a(alt_irq_vars.o)
                              c:/Users/Zaet/Desktop/CE4303-Operating_Systems/Tarea_1/software/Tarea1_Clock_bsp/\libhal_bsp.a(alt_iic.o) (alt_irq_active)
c:/Users/Zaet/Desktop/CE4303-Operating_Systems/Tarea_1/software/Tarea1_Clock_bsp/\libhal_bsp.a(alt_load.o)
                              c:/Users/Zaet/Desktop/CE4303-Operating_Systems/Tarea_1/software/Tarea1_Clock_bsp//obj/HAL/src/crt0.o (alt_load)
c:/Users/Zaet/Desktop/CE4303-Operating_Systems/Tarea_1/software/Tarea1_Clock_bsp/\libhal_bsp.a(alt_main.o)
                              c:/Users/Zaet/Desktop/CE4303-Operating_Systems/Tarea_1/software/Tarea1_Clock_bsp//obj/HAL/src/crt0.o (alt_main)
c:/Users/Zaet/Desktop/CE4303-Operating_Systems/Tarea_1/software/Tarea1_Clock_bsp/\libhal_bsp.a(alt_sys_init.o)
                              c:/Users/Zaet/Desktop/CE4303-Operating_Systems/Tarea_1/software/Tarea1_Clock_bsp/\libhal_bsp.a(alt_main.o) (alt_irq_init)
c:/Users/Zaet/Desktop/CE4303-Operating_Systems/Tarea_1/software/Tarea1_Clock_bsp/\libhal_bsp.a(alt_dcache_flush_all.o)
                              c:/Users/Zaet/Desktop/CE4303-Operating_Systems/Tarea_1/software/Tarea1_Clock_bsp/\libhal_bsp.a(alt_load.o) (alt_dcache_flush_all)
c:/Users/Zaet/Desktop/CE4303-Operating_Systems/Tarea_1/software/Tarea1_Clock_bsp/\libhal_bsp.a(alt_exception_entry.o)
                              c:/Users/Zaet/Desktop/CE4303-Operating_Systems/Tarea_1/software/Tarea1_Clock_bsp/\libhal_bsp.a(alt_irq_entry.o) (alt_exception)
c:/Users/Zaet/Desktop/CE4303-Operating_Systems/Tarea_1/software/Tarea1_Clock_bsp/\libhal_bsp.a(alt_icache_flush_all.o)
                              c:/Users/Zaet/Desktop/CE4303-Operating_Systems/Tarea_1/software/Tarea1_Clock_bsp/\libhal_bsp.a(alt_load.o) (alt_icache_flush_all)
c:/Users/Zaet/Desktop/CE4303-Operating_Systems/Tarea_1/software/Tarea1_Clock_bsp/\libhal_bsp.a(alt_instruction_exception_entry.o)
                              c:/Users/Zaet/Desktop/CE4303-Operating_Systems/Tarea_1/software/Tarea1_Clock_bsp/\libhal_bsp.a(alt_exception_entry.o) (alt_instruction_exception_entry)
c:/Users/Zaet/Desktop/CE4303-Operating_Systems/Tarea_1/software/Tarea1_Clock_bsp/\libhal_bsp.a(altera_nios2_gen2_irq.o)
                              c:/Users/Zaet/Desktop/CE4303-Operating_Systems/Tarea_1/software/Tarea1_Clock_bsp/\libhal_bsp.a(alt_sys_init.o) (altera_nios2_gen2_irq_init)
c:/intelfpga_lite/22.1std/nios2eds/bin/gnu/h-x86_64-mingw32/bin/../lib/gcc/nios2-elf/12.2.1/../../../../../H-x86_64-mingw32/nios2-elf/lib/mno-hw-mul\libsmallc.a(lib_a-memcpy.o)
                              c:/Users/Zaet/Desktop/CE4303-Operating_Systems/Tarea_1/software/Tarea1_Clock_bsp/\libhal_bsp.a(alt_load.o) (memcpy)

Memory Configuration

Name             Origin             Length             Attributes
reset            0x0000000000000000 0x0000000000000020
rom_0            0x0000000000000020 0x0000000000001fe0
ram_0            0x0000000000010000 0x0000000000004000
*default*        0x0000000000000000 0xffffffffffffffff

Linker script and memory map

LOAD c:/Users/Zaet/Desktop/CE4303-Operating_Systems/Tarea_1/software/Tarea1_Clock_bsp//obj/HAL/src/crt0.o
LOAD obj/default/hello_world_small.o
LOAD c:/intelfpga_lite/22.1std/nios2eds/bin/gnu/h-x86_64-mingw32/bin/../lib/gcc/nios2-elf/12.2.1/../../../../../H-x86_64-mingw32/nios2-elf/lib/mno-hw-mul\libstdc++.a
LOAD c:/intelfpga_lite/22.1std/nios2eds/bin/gnu/h-x86_64-mingw32/bin/../lib/gcc/nios2-elf/12.2.1/../../../../../H-x86_64-mingw32/nios2-elf/lib/mno-hw-mul\libm.a
LOAD c:/intelfpga_lite/22.1std/nios2eds/bin/gnu/h-x86_64-mingw32/bin/../lib/gcc/nios2-elf/12.2.1/mno-hw-mul\libgcc.a
START GROUP
LOAD c:/intelfpga_lite/22.1std/nios2eds/bin/gnu/h-x86_64-mingw32/bin/../lib/gcc/nios2-elf/12.2.1/../../../../../H-x86_64-mingw32/nios2-elf/lib/mno-hw-mul\libsmallc.a
LOAD c:/intelfpga_lite/22.1std/nios2eds/bin/gnu/h-x86_64-mingw32/bin/../lib/gcc/nios2-elf/12.2.1/mno-hw-mul\libgcc.a
LOAD c:/Users/Zaet/Desktop/CE4303-Operating_Systems/Tarea_1/software/Tarea1_Clock_bsp/\libhal_bsp.a
LOAD c:/intelfpga_lite/22.1std/nios2eds/bin/gnu/h-x86_64-mingw32/bin/../lib/gcc/nios2-elf/12.2.1/../../../../../H-x86_64-mingw32/nios2-elf/lib/mno-hw-mul\libm.a
END GROUP
LOAD c:/intelfpga_lite/22.1std/nios2eds/bin/gnu/h-x86_64-mingw32/bin/../lib/gcc/nios2-elf/12.2.1/mno-hw-mul\libgcc.a
                0x0000000000000000                __alt_mem_rom_0 = 0x0
                0x0000000000010000                __alt_mem_ram_0 = 0x10000

.entry          0x0000000000000000       0x20
 *(.entry)
 .entry         0x0000000000000000       0x20 c:/Users/Zaet/Desktop/CE4303-Operating_Systems/Tarea_1/software/Tarea1_Clock_bsp//obj/HAL/src/crt0.o
                0x0000000000000000                __reset
                0x000000000000000c                _exit

.exceptions     0x0000000000000020      0x160
                0x0000000000000020                PROVIDE (__ram_exceptions_start = ABSOLUTE (.))
                0x0000000000000020                . = ALIGN (0x20)
 *(.irq)
 *(.exceptions.entry.label)
 .exceptions.entry.label
                0x0000000000000020        0x0 c:/Users/Zaet/Desktop/CE4303-Operating_Systems/Tarea_1/software/Tarea1_Clock_bsp/\libhal_bsp.a(alt_irq_entry.o)
                0x0000000000000020                alt_irq_entry
 .exceptions.entry.label
                0x0000000000000020        0x0 c:/Users/Zaet/Desktop/CE4303-Operating_Systems/Tarea_1/software/Tarea1_Clock_bsp/\libhal_bsp.a(alt_exception_entry.o)
                0x0000000000000020                alt_exception
 *(.exceptions.entry.user)
 *(.exceptions.entry.ecc_fatal)
 *(.exceptions.entry)
 .exceptions.entry
                0x0000000000000020       0x54 c:/Users/Zaet/Desktop/CE4303-Operating_Systems/Tarea_1/software/Tarea1_Clock_bsp/\libhal_bsp.a(alt_exception_entry.o)
 *(.exceptions.irqtest.user)
 *(.exceptions.irqtest)
 .exceptions.irqtest
                0x0000000000000074       0x10 c:/Users/Zaet/Desktop/CE4303-Operating_Systems/Tarea_1/software/Tarea1_Clock_bsp/\libhal_bsp.a(alt_irq_entry.o)
 *(.exceptions.irqhandler.user)
 *(.exceptions.irqhandler)
 .exceptions.irqhandler
                0x0000000000000084        0x4 c:/Users/Zaet/Desktop/CE4303-Operating_Systems/Tarea_1/software/Tarea1_Clock_bsp/\libhal_bsp.a(alt_irq_entry.o)
 *(.exceptions.irqreturn.user)
 *(.exceptions.irqreturn)
 .exceptions.irqreturn
                0x0000000000000088        0x4 c:/Users/Zaet/Desktop/CE4303-Operating_Systems/Tarea_1/software/Tarea1_Clock_bsp/\libhal_bsp.a(alt_irq_entry.o)
 *(.exceptions.notirq.label)
 .exceptions.notirq.label
                0x000000000000008c        0x0 c:/Users/Zaet/Desktop/CE4303-Operating_Systems/Tarea_1/software/Tarea1_Clock_bsp/\libhal_bsp.a(alt_irq_entry.o)
 *(.exceptions.notirq.user)
 *(.exceptions.notirq)
 .exceptions.notirq
                0x000000000000008c        0x8 c:/Users/Zaet/Desktop/CE4303-Operating_Systems/Tarea_1/software/Tarea1_Clock_bsp/\libhal_bsp.a(alt_exception_entry.o)
 *(.exceptions.soft.user)
 *(.exceptions.soft)
 *(.exceptions.unknown.user)
 *(.exceptions.unknown)
 .exceptions.unknown
                0x0000000000000094       0x14 c:/Users/Zaet/Desktop/CE4303-Operating_Systems/Tarea_1/software/Tarea1_Clock_bsp/\libhal_bsp.a(alt_exception_entry.o)
 *(.exceptions.exit.label)
 .exceptions.exit.label
                0x00000000000000a8        0x0 c:/Users/Zaet/Desktop/CE4303-Operating_Systems/Tarea_1/software/Tarea1_Clock_bsp/\libhal_bsp.a(alt_irq_entry.o)
 .exceptions.exit.label
                0x00000000000000a8        0x0 c:/Users/Zaet/Desktop/CE4303-Operating_Systems/Tarea_1/software/Tarea1_Clock_bsp/\libhal_bsp.a(alt_exception_entry.o)
 *(.exceptions.exit.user)
 *(.exceptions.exit)
 .exceptions.exit
                0x00000000000000a8       0x54 c:/Users/Zaet/Desktop/CE4303-Operating_Systems/Tarea_1/software/Tarea1_Clock_bsp/\libhal_bsp.a(alt_exception_entry.o)
 *(.exceptions)
 .exceptions    0x00000000000000fc       0x60 c:/Users/Zaet/Desktop/CE4303-Operating_Systems/Tarea_1/software/Tarea1_Clock_bsp/\libhal_bsp.a(alt_irq_handler.o)
                0x00000000000000fc                alt_irq_handler
 .exceptions    0x000000000000015c       0x24 c:/Users/Zaet/Desktop/CE4303-Operating_Systems/Tarea_1/software/Tarea1_Clock_bsp/\libhal_bsp.a(alt_instruction_exception_entry.o)
                0x000000000000015c                alt_instruction_exception_entry
                0x0000000000000180                PROVIDE (__ram_exceptions_end = ABSOLUTE (.))
                0x0000000000000020                PROVIDE (__flash_exceptions_start = LOADADDR (.exceptions))

.text           0x0000000000000180      0x714
                [!provide]                        PROVIDE (stext = ABSOLUTE (.))
 *(.interp)
 *(.hash)
 *(.dynsym)
 *(.dynstr)
 *(.gnu.version)
 *(.gnu.version_d)
 *(.gnu.version_r)
 *(.rel.init)
 *(.rela.init)
 *(.rel.text .rel.text.* .rel.gnu.linkonce.t.*)
 *(.rela.text .rela.text.* .rela.gnu.linkonce.t.*)
 *(.rel.fini)
 *(.rela.fini)
 *(.rel.rodata .rel.rodata.* .rel.gnu.linkonce.r.*)
 *(.rela.rodata .rela.rodata.* .rela.gnu.linkonce.r.*)
 *(.rel.data .rel.data.* .rel.gnu.linkonce.d.*)
 *(.rela.data .rela.data.* .rela.gnu.linkonce.d.*)
 *(.rel.tdata .rel.tdata.* .rel.gnu.linkonce.td.*)
 *(.rela.tdata .rela.tdata.* .rela.gnu.linkonce.td.*)
 *(.rel.tbss .rel.tbss.* .rel.gnu.linkonce.tb.*)
 *(.rela.tbss .rela.tbss.* .rela.gnu.linkonce.tb.*)
 *(.rel.ctors)
 *(.rela.ctors)
 *(.rel.dtors)
 *(.rela.dtors)
 *(.rel.got)
 *(.rela.got)
 *(.rel.sdata .rel.sdata.* .rel.gnu.linkonce.s.*)
 *(.rela.sdata .rela.sdata.* .rela.gnu.linkonce.s.*)
 *(.rel.sbss .rel.sbss.* .rel.gnu.linkonce.sb.*)
 *(.rela.sbss .rela.sbss.* .rela.gnu.linkonce.sb.*)
 *(.rel.sdata2 .rel.sdata2.* .rel.gnu.linkonce.s2.*)
 *(.rela.sdata2 .rela.sdata2.* .rela.gnu.linkonce.s2.*)
 *(.rel.sbss2 .rel.sbss2.* .rel.gnu.linkonce.sb2.*)
 *(.rela.sbss2 .rela.sbss2.* .rela.gnu.linkonce.sb2.*)
 *(.rel.bss .rel.bss.* .rel.gnu.linkonce.b.*)
 *(.rela.bss .rela.bss.* .rela.gnu.linkonce.b.*)
 *(.rel.plt)
 *(.rela.plt)
 *(.rel.dyn)
 *(.init)
 *(.plt)
 *(.text .stub .text.* .gnu.linkonce.t.*)
 .text          0x0000000000000180       0x3c c:/Users/Zaet/Desktop/CE4303-Operating_Systems/Tarea_1/software/Tarea1_Clock_bsp//obj/HAL/src/crt0.o
                0x0000000000000180                _start
 .text          0x00000000000001bc      0x2cc obj/default/hello_world_small.o
                0x00000000000001bc                decoder
 .text.startup  0x0000000000000488       0x34 obj/default/hello_world_small.o
                0x0000000000000488                main
 .text          0x00000000000004bc      0x1b4 c:/intelfpga_lite/22.1std/nios2eds/bin/gnu/h-x86_64-mingw32/bin/../lib/gcc/nios2-elf/12.2.1/mno-hw-mul\libgcc.a(lib2-divmod.o)
                0x00000000000004bc                __divsi3
                0x000000000000053c                __modsi3
                0x00000000000005b0                __udivsi3
                0x0000000000000614                __umodsi3
 .text          0x0000000000000670       0x8c c:/Users/Zaet/Desktop/CE4303-Operating_Systems/Tarea_1/software/Tarea1_Clock_bsp/\libhal_bsp.a(alt_iic.o)
                0x0000000000000670                alt_ic_isr_register
                0x0000000000000674                alt_ic_irq_enable
                0x00000000000006ac                alt_ic_irq_disable
                0x00000000000006e4                alt_ic_irq_enabled
 .text          0x00000000000006fc       0x68 c:/Users/Zaet/Desktop/CE4303-Operating_Systems/Tarea_1/software/Tarea1_Clock_bsp/\libhal_bsp.a(alt_iic_isr_register.o)
                0x00000000000006fc                alt_iic_isr_register
 .text          0x0000000000000764        0x0 c:/Users/Zaet/Desktop/CE4303-Operating_Systems/Tarea_1/software/Tarea1_Clock_bsp/\libhal_bsp.a(alt_irq_entry.o)
 .text          0x0000000000000764        0x0 c:/Users/Zaet/Desktop/CE4303-Operating_Systems/Tarea_1/software/Tarea1_Clock_bsp/\libhal_bsp.a(alt_irq_handler.o)
 .text          0x0000000000000764        0x0 c:/Users/Zaet/Desktop/CE4303-Operating_Systems/Tarea_1/software/Tarea1_Clock_bsp/\libhal_bsp.a(alt_irq_vars.o)
 .text          0x0000000000000764       0x84 c:/Users/Zaet/Desktop/CE4303-Operating_Systems/Tarea_1/software/Tarea1_Clock_bsp/\libhal_bsp.a(alt_load.o)
                0x0000000000000764                alt_load
 .text          0x00000000000007e8       0x2c c:/Users/Zaet/Desktop/CE4303-Operating_Systems/Tarea_1/software/Tarea1_Clock_bsp/\libhal_bsp.a(alt_main.o)
                0x00000000000007e8                alt_main
 .text          0x0000000000000814       0x24 c:/Users/Zaet/Desktop/CE4303-Operating_Systems/Tarea_1/software/Tarea1_Clock_bsp/\libhal_bsp.a(alt_sys_init.o)
                0x0000000000000814                alt_irq_init
                0x0000000000000834                alt_sys_init
 .text          0x0000000000000838        0x4 c:/Users/Zaet/Desktop/CE4303-Operating_Systems/Tarea_1/software/Tarea1_Clock_bsp/\libhal_bsp.a(alt_dcache_flush_all.o)
                0x0000000000000838                alt_dcache_flush_all
 .text          0x000000000000083c        0x0 c:/Users/Zaet/Desktop/CE4303-Operating_Systems/Tarea_1/software/Tarea1_Clock_bsp/\libhal_bsp.a(alt_exception_entry.o)
 .text          0x000000000000083c        0x4 c:/Users/Zaet/Desktop/CE4303-Operating_Systems/Tarea_1/software/Tarea1_Clock_bsp/\libhal_bsp.a(alt_icache_flush_all.o)
                0x000000000000083c                alt_icache_flush_all
 .text          0x0000000000000840       0x24 c:/Users/Zaet/Desktop/CE4303-Operating_Systems/Tarea_1/software/Tarea1_Clock_bsp/\libhal_bsp.a(alt_instruction_exception_entry.o)
                0x0000000000000840                alt_exception_cause_generated_bad_addr
 .text          0x0000000000000864        0x8 c:/Users/Zaet/Desktop/CE4303-Operating_Systems/Tarea_1/software/Tarea1_Clock_bsp/\libhal_bsp.a(altera_nios2_gen2_irq.o)
                0x0000000000000864                altera_nios2_gen2_irq_init
 .text          0x000000000000086c        0x0 c:/intelfpga_lite/22.1std/nios2eds/bin/gnu/h-x86_64-mingw32/bin/../lib/gcc/nios2-elf/12.2.1/../../../../../H-x86_64-mingw32/nios2-elf/lib/mno-hw-mul\libsmallc.a(lib_a-memcpy.o)
 .text.memcpy   0x000000000000086c       0x28 c:/intelfpga_lite/22.1std/nios2eds/bin/gnu/h-x86_64-mingw32/bin/../lib/gcc/nios2-elf/12.2.1/../../../../../H-x86_64-mingw32/nios2-elf/lib/mno-hw-mul\libsmallc.a(lib_a-memcpy.o)
                0x000000000000086c                memcpy
 *(.gnu.warning.*)
 *(.fini)
                [!provide]                        PROVIDE (__etext = ABSOLUTE (.))
                [!provide]                        PROVIDE (_etext = ABSOLUTE (.))
                [!provide]                        PROVIDE (etext = ABSOLUTE (.))
 *(.eh_frame_hdr)
                0x0000000000000894                . = ALIGN (0x4)
                [!provide]                        PROVIDE (__preinit_array_start = ABSOLUTE (.))
 *(.preinit_array)
                [!provide]                        PROVIDE (__preinit_array_end = ABSOLUTE (.))
                [!provide]                        PROVIDE (__init_array_start = ABSOLUTE (.))
 *(.init_array)
                [!provide]                        PROVIDE (__init_array_end = ABSOLUTE (.))
                [!provide]                        PROVIDE (__fini_array_start = ABSOLUTE (.))
 *(.fini_array)
                [!provide]                        PROVIDE (__fini_array_end = ABSOLUTE (.))
 *(.eh_frame)
 *(.gcc_except_table .gcc_except_table.*)
 *(.dynamic)
                [!provide]                        PROVIDE (__CTOR_LIST__ = ABSOLUTE (.))
 *(.ctors)
 *(SORT_BY_NAME(.ctors.*))
                [!provide]                        PROVIDE (__CTOR_END__ = ABSOLUTE (.))
                [!provide]                        PROVIDE (__DTOR_LIST__ = ABSOLUTE (.))
 *(.dtors)
 *(SORT_BY_NAME(.dtors.*))
                [!provide]                        PROVIDE (__DTOR_END__ = ABSOLUTE (.))
 *(.jcr)
                0x0000000000000894                . = ALIGN (0x4)

.rodata         0x0000000000010000        0xc load address 0x0000000000000894
                0x0000000000010000                PROVIDE (__ram_rodata_start = ABSOLUTE (.))
                0x0000000000010000                . = ALIGN (0x4)
 *(.rodata .rodata.* .gnu.linkonce.r.*)
 .rodata        0x0000000000010000        0xa obj/default/hello_world_small.o
 *(.rodata1)
                0x000000000001000c                . = ALIGN (0x4)
 *fill*         0x000000000001000a        0x2 
                0x000000000001000c                PROVIDE (__ram_rodata_end = ABSOLUTE (.))
                0x0000000000000894                PROVIDE (__flash_rodata_start = LOADADDR (.rodata))

.rwdata         0x000000000001000c        0x8 load address 0x00000000000008a0
                0x000000000001000c                PROVIDE (__ram_rwdata_start = ABSOLUTE (.))
                0x000000000001000c                . = ALIGN (0x4)
 *(.got.plt)
 *(.got)
 *(.data1)
 *(.data .data.* .gnu.linkonce.d.*)
 .data          0x000000000001000c        0x0 c:/Users/Zaet/Desktop/CE4303-Operating_Systems/Tarea_1/software/Tarea1_Clock_bsp//obj/HAL/src/crt0.o
 .data          0x000000000001000c        0x0 obj/default/hello_world_small.o
 .data          0x000000000001000c        0x0 c:/intelfpga_lite/22.1std/nios2eds/bin/gnu/h-x86_64-mingw32/bin/../lib/gcc/nios2-elf/12.2.1/mno-hw-mul\libgcc.a(lib2-divmod.o)
 .data          0x000000000001000c        0x0 c:/Users/Zaet/Desktop/CE4303-Operating_Systems/Tarea_1/software/Tarea1_Clock_bsp/\libhal_bsp.a(alt_iic.o)
 .data          0x000000000001000c        0x0 c:/Users/Zaet/Desktop/CE4303-Operating_Systems/Tarea_1/software/Tarea1_Clock_bsp/\libhal_bsp.a(alt_iic_isr_register.o)
 .data          0x000000000001000c        0x0 c:/Users/Zaet/Desktop/CE4303-Operating_Systems/Tarea_1/software/Tarea1_Clock_bsp/\libhal_bsp.a(alt_irq_entry.o)
 .data          0x000000000001000c        0x0 c:/Users/Zaet/Desktop/CE4303-Operating_Systems/Tarea_1/software/Tarea1_Clock_bsp/\libhal_bsp.a(alt_irq_handler.o)
 .data          0x000000000001000c        0x0 c:/Users/Zaet/Desktop/CE4303-Operating_Systems/Tarea_1/software/Tarea1_Clock_bsp/\libhal_bsp.a(alt_irq_vars.o)
 .data          0x000000000001000c        0x0 c:/Users/Zaet/Desktop/CE4303-Operating_Systems/Tarea_1/software/Tarea1_Clock_bsp/\libhal_bsp.a(alt_load.o)
 .data          0x000000000001000c        0x0 c:/Users/Zaet/Desktop/CE4303-Operating_Systems/Tarea_1/software/Tarea1_Clock_bsp/\libhal_bsp.a(alt_main.o)
 .data          0x000000000001000c        0x0 c:/Users/Zaet/Desktop/CE4303-Operating_Systems/Tarea_1/software/Tarea1_Clock_bsp/\libhal_bsp.a(alt_sys_init.o)
 .data          0x000000000001000c        0x0 c:/Users/Zaet/Desktop/CE4303-Operating_Systems/Tarea_1/software/Tarea1_Clock_bsp/\libhal_bsp.a(alt_dcache_flush_all.o)
 .data          0x000000000001000c        0x0 c:/Users/Zaet/Desktop/CE4303-Operating_Systems/Tarea_1/software/Tarea1_Clock_bsp/\libhal_bsp.a(alt_exception_entry.o)
 .data          0x000000000001000c        0x0 c:/Users/Zaet/Desktop/CE4303-Operating_Systems/Tarea_1/software/Tarea1_Clock_bsp/\libhal_bsp.a(alt_icache_flush_all.o)
 .data          0x000000000001000c        0x0 c:/Users/Zaet/Desktop/CE4303-Operating_Systems/Tarea_1/software/Tarea1_Clock_bsp/\libhal_bsp.a(alt_instruction_exception_entry.o)
 .data          0x000000000001000c        0x0 c:/Users/Zaet/Desktop/CE4303-Operating_Systems/Tarea_1/software/Tarea1_Clock_bsp/\libhal_bsp.a(altera_nios2_gen2_irq.o)
 .data          0x000000000001000c        0x0 c:/intelfpga_lite/22.1std/nios2eds/bin/gnu/h-x86_64-mingw32/bin/../lib/gcc/nios2-elf/12.2.1/../../../../../H-x86_64-mingw32/nios2-elf/lib/mno-hw-mul\libsmallc.a(lib_a-memcpy.o)
                0x000000000001800c                _gp = ABSOLUTE ((. + 0x8000))
                [!provide]                        PROVIDE (gp = _gp)
 *(.rwdata .rwdata.*)
 *(.sdata .sdata.* .gnu.linkonce.s.*)
 .sdata         0x000000000001000c        0x4 obj/default/hello_world_small.o
                0x000000000001000c                stop
 .sdata         0x0000000000010010        0x4 c:/Users/Zaet/Desktop/CE4303-Operating_Systems/Tarea_1/software/Tarea1_Clock_bsp/\libhal_bsp.a(alt_irq_vars.o)
                0x0000000000010010                alt_priority_mask
 *(.sdata2 .sdata2.* .gnu.linkonce.s2.*)
                0x0000000000010014                . = ALIGN (0x4)
                0x0000000000010014                _edata = ABSOLUTE (.)
                [!provide]                        PROVIDE (edata = ABSOLUTE (.))
                0x0000000000010014                PROVIDE (__ram_rwdata_end = ABSOLUTE (.))
                0x00000000000008a0                PROVIDE (__flash_rwdata_start = LOADADDR (.rwdata))

.bss            0x0000000000010014      0x120 load address 0x00000000000008a8
                0x0000000000010014                __bss_start = ABSOLUTE (.)
                [!provide]                        PROVIDE (__sbss_start = ABSOLUTE (.))
                [!provide]                        PROVIDE (___sbss_start = ABSOLUTE (.))
 *(.dynsbss)
 *(.sbss .sbss.* .gnu.linkonce.sb.*)
 .sbss          0x0000000000010014        0xc obj/default/hello_world_small.o
                0x0000000000010014                start
                0x0000000000010018                switchSelect
                0x000000000001001c                counter
 .sbss          0x0000000000010020        0x4 c:/Users/Zaet/Desktop/CE4303-Operating_Systems/Tarea_1/software/Tarea1_Clock_bsp/\libhal_bsp.a(alt_irq_vars.o)
                0x0000000000010020                alt_irq_active
 .sbss          0x0000000000010024        0xc c:/Users/Zaet/Desktop/CE4303-Operating_Systems/Tarea_1/software/Tarea1_Clock_bsp/\libhal_bsp.a(alt_main.o)
                0x0000000000010024                alt_envp
                0x0000000000010028                alt_argv
                0x000000000001002c                alt_argc
 .sbss          0x0000000000010030        0x4 c:/Users/Zaet/Desktop/CE4303-Operating_Systems/Tarea_1/software/Tarea1_Clock_bsp/\libhal_bsp.a(alt_instruction_exception_entry.o)
                0x0000000000010030                alt_instruction_exception_handler
 *(.sbss2 .sbss2.* .gnu.linkonce.sb2.*)
 *(.scommon)
                [!provide]                        PROVIDE (__sbss_end = ABSOLUTE (.))
                [!provide]                        PROVIDE (___sbss_end = ABSOLUTE (.))
 *(.dynbss)
 *(.bss .bss.* .gnu.linkonce.b.*)
 .bss           0x0000000000010034        0x0 c:/Users/Zaet/Desktop/CE4303-Operating_Systems/Tarea_1/software/Tarea1_Clock_bsp//obj/HAL/src/crt0.o
 .bss           0x0000000000010034        0x0 obj/default/hello_world_small.o
 .bss           0x0000000000010034        0x0 c:/intelfpga_lite/22.1std/nios2eds/bin/gnu/h-x86_64-mingw32/bin/../lib/gcc/nios2-elf/12.2.1/mno-hw-mul\libgcc.a(lib2-divmod.o)
 .bss           0x0000000000010034        0x0 c:/Users/Zaet/Desktop/CE4303-Operating_Systems/Tarea_1/software/Tarea1_Clock_bsp/\libhal_bsp.a(alt_iic.o)
 .bss           0x0000000000010034        0x0 c:/Users/Zaet/Desktop/CE4303-Operating_Systems/Tarea_1/software/Tarea1_Clock_bsp/\libhal_bsp.a(alt_iic_isr_register.o)
 .bss           0x0000000000010034        0x0 c:/Users/Zaet/Desktop/CE4303-Operating_Systems/Tarea_1/software/Tarea1_Clock_bsp/\libhal_bsp.a(alt_irq_entry.o)
 .bss           0x0000000000010034      0x100 c:/Users/Zaet/Desktop/CE4303-Operating_Systems/Tarea_1/software/Tarea1_Clock_bsp/\libhal_bsp.a(alt_irq_handler.o)
                0x0000000000010034                alt_irq
 .bss           0x0000000000010134        0x0 c:/Users/Zaet/Desktop/CE4303-Operating_Systems/Tarea_1/software/Tarea1_Clock_bsp/\libhal_bsp.a(alt_irq_vars.o)
 .bss           0x0000000000010134        0x0 c:/Users/Zaet/Desktop/CE4303-Operating_Systems/Tarea_1/software/Tarea1_Clock_bsp/\libhal_bsp.a(alt_load.o)
 .bss           0x0000000000010134        0x0 c:/Users/Zaet/Desktop/CE4303-Operating_Systems/Tarea_1/software/Tarea1_Clock_bsp/\libhal_bsp.a(alt_main.o)
 .bss           0x0000000000010134        0x0 c:/Users/Zaet/Desktop/CE4303-Operating_Systems/Tarea_1/software/Tarea1_Clock_bsp/\libhal_bsp.a(alt_sys_init.o)
 .bss           0x0000000000010134        0x0 c:/Users/Zaet/Desktop/CE4303-Operating_Systems/Tarea_1/software/Tarea1_Clock_bsp/\libhal_bsp.a(alt_dcache_flush_all.o)
 .bss           0x0000000000010134        0x0 c:/Users/Zaet/Desktop/CE4303-Operating_Systems/Tarea_1/software/Tarea1_Clock_bsp/\libhal_bsp.a(alt_exception_entry.o)
 .bss           0x0000000000010134        0x0 c:/Users/Zaet/Desktop/CE4303-Operating_Systems/Tarea_1/software/Tarea1_Clock_bsp/\libhal_bsp.a(alt_icache_flush_all.o)
 .bss           0x0000000000010134        0x0 c:/Users/Zaet/Desktop/CE4303-Operating_Systems/Tarea_1/software/Tarea1_Clock_bsp/\libhal_bsp.a(alt_instruction_exception_entry.o)
 .bss           0x0000000000010134        0x0 c:/Users/Zaet/Desktop/CE4303-Operating_Systems/Tarea_1/software/Tarea1_Clock_bsp/\libhal_bsp.a(altera_nios2_gen2_irq.o)
 .bss           0x0000000000010134        0x0 c:/intelfpga_lite/22.1std/nios2eds/bin/gnu/h-x86_64-mingw32/bin/../lib/gcc/nios2-elf/12.2.1/../../../../../H-x86_64-mingw32/nios2-elf/lib/mno-hw-mul\libsmallc.a(lib_a-memcpy.o)
 *(COMMON)
                0x0000000000010134                . = ALIGN (0x4)
                0x0000000000010134                __bss_end = ABSOLUTE (.)

.rom_0          0x00000000000008a8        0x0
                [!provide]                        PROVIDE (_alt_partition_rom_0_start = ABSOLUTE (.))
 *(.rom_0 .rom_0. rom_0.*)
                0x00000000000008a8                . = ALIGN (0x4)
                [!provide]                        PROVIDE (_alt_partition_rom_0_end = ABSOLUTE (.))
                [!provide]                        PROVIDE (_alt_partition_rom_0_load_addr = LOADADDR (.rom_0))

.ram_0          0x0000000000010134        0x0 load address 0x00000000000008a8
                [!provide]                        PROVIDE (_alt_partition_ram_0_start = ABSOLUTE (.))
 *(.ram_0 .ram_0. ram_0.*)
                0x0000000000010134                . = ALIGN (0x4)
                [!provide]                        PROVIDE (_alt_partition_ram_0_end = ABSOLUTE (.))
                0x0000000000010134                _end = ABSOLUTE (.)
                0x0000000000010134                end = ABSOLUTE (.)
                0x0000000000010134                __alt_stack_base = ABSOLUTE (.)
                [!provide]                        PROVIDE (_alt_partition_ram_0_load_addr = LOADADDR (.ram_0))

.stab
 *(.stab)

.stabstr
 *(.stabstr)

.stab.excl
 *(.stab.excl)

.stab.exclstr
 *(.stab.exclstr)

.stab.index
 *(.stab.index)

.stab.indexstr
 *(.stab.indexstr)

.comment        0x0000000000000000       0x2d
 *(.comment)
 .comment       0x0000000000000000       0x2d obj/default/hello_world_small.o
                                         0x2e (size before relaxing)
 .comment       0x000000000000002d       0x2e c:/intelfpga_lite/22.1std/nios2eds/bin/gnu/h-x86_64-mingw32/bin/../lib/gcc/nios2-elf/12.2.1/mno-hw-mul\libgcc.a(lib2-divmod.o)
 .comment       0x000000000000002d       0x2e c:/Users/Zaet/Desktop/CE4303-Operating_Systems/Tarea_1/software/Tarea1_Clock_bsp/\libhal_bsp.a(alt_iic.o)
 .comment       0x000000000000002d       0x2e c:/Users/Zaet/Desktop/CE4303-Operating_Systems/Tarea_1/software/Tarea1_Clock_bsp/\libhal_bsp.a(alt_iic_isr_register.o)
 .comment       0x000000000000002d       0x2e c:/Users/Zaet/Desktop/CE4303-Operating_Systems/Tarea_1/software/Tarea1_Clock_bsp/\libhal_bsp.a(alt_irq_handler.o)
 .comment       0x000000000000002d       0x2e c:/Users/Zaet/Desktop/CE4303-Operating_Systems/Tarea_1/software/Tarea1_Clock_bsp/\libhal_bsp.a(alt_irq_vars.o)
 .comment       0x000000000000002d       0x2e c:/Users/Zaet/Desktop/CE4303-Operating_Systems/Tarea_1/software/Tarea1_Clock_bsp/\libhal_bsp.a(alt_load.o)
 .comment       0x000000000000002d       0x2e c:/Users/Zaet/Desktop/CE4303-Operating_Systems/Tarea_1/software/Tarea1_Clock_bsp/\libhal_bsp.a(alt_main.o)
 .comment       0x000000000000002d       0x2e c:/Users/Zaet/Desktop/CE4303-Operating_Systems/Tarea_1/software/Tarea1_Clock_bsp/\libhal_bsp.a(alt_sys_init.o)
 .comment       0x000000000000002d       0x2e c:/Users/Zaet/Desktop/CE4303-Operating_Systems/Tarea_1/software/Tarea1_Clock_bsp/\libhal_bsp.a(alt_dcache_flush_all.o)
 .comment       0x000000000000002d       0x2e c:/Users/Zaet/Desktop/CE4303-Operating_Systems/Tarea_1/software/Tarea1_Clock_bsp/\libhal_bsp.a(alt_icache_flush_all.o)
 .comment       0x000000000000002d       0x2e c:/Users/Zaet/Desktop/CE4303-Operating_Systems/Tarea_1/software/Tarea1_Clock_bsp/\libhal_bsp.a(alt_instruction_exception_entry.o)
 .comment       0x000000000000002d       0x2e c:/Users/Zaet/Desktop/CE4303-Operating_Systems/Tarea_1/software/Tarea1_Clock_bsp/\libhal_bsp.a(altera_nios2_gen2_irq.o)
 .comment       0x000000000000002d       0x2e c:/intelfpga_lite/22.1std/nios2eds/bin/gnu/h-x86_64-mingw32/bin/../lib/gcc/nios2-elf/12.2.1/../../../../../H-x86_64-mingw32/nios2-elf/lib/mno-hw-mul\libsmallc.a(lib_a-memcpy.o)

.debug
 *(.debug)

.line
 *(.line)

.debug_srcinfo
 *(.debug_srcinfo)

.debug_sfnames
 *(.debug_sfnames)

.debug_aranges  0x0000000000000000      0x250
 *(.debug_aranges)
 .debug_aranges
                0x0000000000000000       0x28 c:/Users/Zaet/Desktop/CE4303-Operating_Systems/Tarea_1/software/Tarea1_Clock_bsp//obj/HAL/src/crt0.o
 .debug_aranges
                0x0000000000000028       0x28 obj/default/hello_world_small.o
 .debug_aranges
                0x0000000000000050       0x20 c:/intelfpga_lite/22.1std/nios2eds/bin/gnu/h-x86_64-mingw32/bin/../lib/gcc/nios2-elf/12.2.1/mno-hw-mul\libgcc.a(lib2-divmod.o)
 .debug_aranges
                0x0000000000000070       0x20 c:/Users/Zaet/Desktop/CE4303-Operating_Systems/Tarea_1/software/Tarea1_Clock_bsp/\libhal_bsp.a(alt_iic.o)
 .debug_aranges
                0x0000000000000090       0x20 c:/Users/Zaet/Desktop/CE4303-Operating_Systems/Tarea_1/software/Tarea1_Clock_bsp/\libhal_bsp.a(alt_iic_isr_register.o)
 .debug_aranges
                0x00000000000000b0       0x30 c:/Users/Zaet/Desktop/CE4303-Operating_Systems/Tarea_1/software/Tarea1_Clock_bsp/\libhal_bsp.a(alt_irq_entry.o)
 .debug_aranges
                0x00000000000000e0       0x20 c:/Users/Zaet/Desktop/CE4303-Operating_Systems/Tarea_1/software/Tarea1_Clock_bsp/\libhal_bsp.a(alt_irq_handler.o)
 .debug_aranges
                0x0000000000000100       0x18 c:/Users/Zaet/Desktop/CE4303-Operating_Systems/Tarea_1/software/Tarea1_Clock_bsp/\libhal_bsp.a(alt_irq_vars.o)
 .debug_aranges
                0x0000000000000118       0x20 c:/Users/Zaet/Desktop/CE4303-Operating_Systems/Tarea_1/software/Tarea1_Clock_bsp/\libhal_bsp.a(alt_load.o)
 .debug_aranges
                0x0000000000000138       0x20 c:/Users/Zaet/Desktop/CE4303-Operating_Systems/Tarea_1/software/Tarea1_Clock_bsp/\libhal_bsp.a(alt_main.o)
 .debug_aranges
                0x0000000000000158       0x20 c:/Users/Zaet/Desktop/CE4303-Operating_Systems/Tarea_1/software/Tarea1_Clock_bsp/\libhal_bsp.a(alt_sys_init.o)
 .debug_aranges
                0x0000000000000178       0x20 c:/Users/Zaet/Desktop/CE4303-Operating_Systems/Tarea_1/software/Tarea1_Clock_bsp/\libhal_bsp.a(alt_dcache_flush_all.o)
 .debug_aranges
                0x0000000000000198       0x30 c:/Users/Zaet/Desktop/CE4303-Operating_Systems/Tarea_1/software/Tarea1_Clock_bsp/\libhal_bsp.a(alt_exception_entry.o)
 .debug_aranges
                0x00000000000001c8       0x20 c:/Users/Zaet/Desktop/CE4303-Operating_Systems/Tarea_1/software/Tarea1_Clock_bsp/\libhal_bsp.a(alt_icache_flush_all.o)
 .debug_aranges
                0x00000000000001e8       0x28 c:/Users/Zaet/Desktop/CE4303-Operating_Systems/Tarea_1/software/Tarea1_Clock_bsp/\libhal_bsp.a(alt_instruction_exception_entry.o)
 .debug_aranges
                0x0000000000000210       0x20 c:/Users/Zaet/Desktop/CE4303-Operating_Systems/Tarea_1/software/Tarea1_Clock_bsp/\libhal_bsp.a(altera_nios2_gen2_irq.o)
 .debug_aranges
                0x0000000000000230       0x20 c:/intelfpga_lite/22.1std/nios2eds/bin/gnu/h-x86_64-mingw32/bin/../lib/gcc/nios2-elf/12.2.1/../../../../../H-x86_64-mingw32/nios2-elf/lib/mno-hw-mul\libsmallc.a(lib_a-memcpy.o)

.debug_pubnames
 *(.debug_pubnames)

.debug_info     0x0000000000000000     0x1849
 *(.debug_info .gnu.linkonce.wi.*)
 .debug_info    0x0000000000000000       0x22 c:/Users/Zaet/Desktop/CE4303-Operating_Systems/Tarea_1/software/Tarea1_Clock_bsp//obj/HAL/src/crt0.o
 .debug_info    0x0000000000000022      0x2f3 obj/default/hello_world_small.o
 .debug_info    0x0000000000000315      0x347 c:/intelfpga_lite/22.1std/nios2eds/bin/gnu/h-x86_64-mingw32/bin/../lib/gcc/nios2-elf/12.2.1/mno-hw-mul\libgcc.a(lib2-divmod.o)
 .debug_info    0x000000000000065c      0x3d8 c:/Users/Zaet/Desktop/CE4303-Operating_Systems/Tarea_1/software/Tarea1_Clock_bsp/\libhal_bsp.a(alt_iic.o)
 .debug_info    0x0000000000000a34      0x27f c:/Users/Zaet/Desktop/CE4303-Operating_Systems/Tarea_1/software/Tarea1_Clock_bsp/\libhal_bsp.a(alt_iic_isr_register.o)
 .debug_info    0x0000000000000cb3       0x22 c:/Users/Zaet/Desktop/CE4303-Operating_Systems/Tarea_1/software/Tarea1_Clock_bsp/\libhal_bsp.a(alt_irq_entry.o)
 .debug_info    0x0000000000000cd5      0x195 c:/Users/Zaet/Desktop/CE4303-Operating_Systems/Tarea_1/software/Tarea1_Clock_bsp/\libhal_bsp.a(alt_irq_handler.o)
 .debug_info    0x0000000000000e6a       0x88 c:/Users/Zaet/Desktop/CE4303-Operating_Systems/Tarea_1/software/Tarea1_Clock_bsp/\libhal_bsp.a(alt_irq_vars.o)
 .debug_info    0x0000000000000ef2      0x239 c:/Users/Zaet/Desktop/CE4303-Operating_Systems/Tarea_1/software/Tarea1_Clock_bsp/\libhal_bsp.a(alt_load.o)
 .debug_info    0x000000000000112b      0x13e c:/Users/Zaet/Desktop/CE4303-Operating_Systems/Tarea_1/software/Tarea1_Clock_bsp/\libhal_bsp.a(alt_main.o)
 .debug_info    0x0000000000001269       0xee c:/Users/Zaet/Desktop/CE4303-Operating_Systems/Tarea_1/software/Tarea1_Clock_bsp/\libhal_bsp.a(alt_sys_init.o)
 .debug_info    0x0000000000001357       0x8d c:/Users/Zaet/Desktop/CE4303-Operating_Systems/Tarea_1/software/Tarea1_Clock_bsp/\libhal_bsp.a(alt_dcache_flush_all.o)
 .debug_info    0x00000000000013e4       0x22 c:/Users/Zaet/Desktop/CE4303-Operating_Systems/Tarea_1/software/Tarea1_Clock_bsp/\libhal_bsp.a(alt_exception_entry.o)
 .debug_info    0x0000000000001406       0x8d c:/Users/Zaet/Desktop/CE4303-Operating_Systems/Tarea_1/software/Tarea1_Clock_bsp/\libhal_bsp.a(alt_icache_flush_all.o)
 .debug_info    0x0000000000001493      0x208 c:/Users/Zaet/Desktop/CE4303-Operating_Systems/Tarea_1/software/Tarea1_Clock_bsp/\libhal_bsp.a(alt_instruction_exception_entry.o)
 .debug_info    0x000000000000169b       0x8d c:/Users/Zaet/Desktop/CE4303-Operating_Systems/Tarea_1/software/Tarea1_Clock_bsp/\libhal_bsp.a(altera_nios2_gen2_irq.o)
 .debug_info    0x0000000000001728      0x121 c:/intelfpga_lite/22.1std/nios2eds/bin/gnu/h-x86_64-mingw32/bin/../lib/gcc/nios2-elf/12.2.1/../../../../../H-x86_64-mingw32/nios2-elf/lib/mno-hw-mul\libsmallc.a(lib_a-memcpy.o)

.debug_abbrev   0x0000000000000000      0xd62
 *(.debug_abbrev)
 .debug_abbrev  0x0000000000000000       0x12 c:/Users/Zaet/Desktop/CE4303-Operating_Systems/Tarea_1/software/Tarea1_Clock_bsp//obj/HAL/src/crt0.o
 .debug_abbrev  0x0000000000000012      0x166 obj/default/hello_world_small.o
 .debug_abbrev  0x0000000000000178      0x10c c:/intelfpga_lite/22.1std/nios2eds/bin/gnu/h-x86_64-mingw32/bin/../lib/gcc/nios2-elf/12.2.1/mno-hw-mul\libgcc.a(lib2-divmod.o)
 .debug_abbrev  0x0000000000000284      0x1dd c:/Users/Zaet/Desktop/CE4303-Operating_Systems/Tarea_1/software/Tarea1_Clock_bsp/\libhal_bsp.a(alt_iic.o)
 .debug_abbrev  0x0000000000000461      0x1d9 c:/Users/Zaet/Desktop/CE4303-Operating_Systems/Tarea_1/software/Tarea1_Clock_bsp/\libhal_bsp.a(alt_iic_isr_register.o)
 .debug_abbrev  0x000000000000063a       0x12 c:/Users/Zaet/Desktop/CE4303-Operating_Systems/Tarea_1/software/Tarea1_Clock_bsp/\libhal_bsp.a(alt_irq_entry.o)
 .debug_abbrev  0x000000000000064c      0x147 c:/Users/Zaet/Desktop/CE4303-Operating_Systems/Tarea_1/software/Tarea1_Clock_bsp/\libhal_bsp.a(alt_irq_handler.o)
 .debug_abbrev  0x0000000000000793       0x46 c:/Users/Zaet/Desktop/CE4303-Operating_Systems/Tarea_1/software/Tarea1_Clock_bsp/\libhal_bsp.a(alt_irq_vars.o)
 .debug_abbrev  0x00000000000007d9      0x12c c:/Users/Zaet/Desktop/CE4303-Operating_Systems/Tarea_1/software/Tarea1_Clock_bsp/\libhal_bsp.a(alt_load.o)
 .debug_abbrev  0x0000000000000905       0xeb c:/Users/Zaet/Desktop/CE4303-Operating_Systems/Tarea_1/software/Tarea1_Clock_bsp/\libhal_bsp.a(alt_main.o)
 .debug_abbrev  0x00000000000009f0       0xc3 c:/Users/Zaet/Desktop/CE4303-Operating_Systems/Tarea_1/software/Tarea1_Clock_bsp/\libhal_bsp.a(alt_sys_init.o)
 .debug_abbrev  0x0000000000000ab3       0x43 c:/Users/Zaet/Desktop/CE4303-Operating_Systems/Tarea_1/software/Tarea1_Clock_bsp/\libhal_bsp.a(alt_dcache_flush_all.o)
 .debug_abbrev  0x0000000000000af6       0x12 c:/Users/Zaet/Desktop/CE4303-Operating_Systems/Tarea_1/software/Tarea1_Clock_bsp/\libhal_bsp.a(alt_exception_entry.o)
 .debug_abbrev  0x0000000000000b08       0x43 c:/Users/Zaet/Desktop/CE4303-Operating_Systems/Tarea_1/software/Tarea1_Clock_bsp/\libhal_bsp.a(alt_icache_flush_all.o)
 .debug_abbrev  0x0000000000000b4b      0x113 c:/Users/Zaet/Desktop/CE4303-Operating_Systems/Tarea_1/software/Tarea1_Clock_bsp/\libhal_bsp.a(alt_instruction_exception_entry.o)
 .debug_abbrev  0x0000000000000c5e       0x43 c:/Users/Zaet/Desktop/CE4303-Operating_Systems/Tarea_1/software/Tarea1_Clock_bsp/\libhal_bsp.a(altera_nios2_gen2_irq.o)
 .debug_abbrev  0x0000000000000ca1       0xc1 c:/intelfpga_lite/22.1std/nios2eds/bin/gnu/h-x86_64-mingw32/bin/../lib/gcc/nios2-elf/12.2.1/../../../../../H-x86_64-mingw32/nios2-elf/lib/mno-hw-mul\libsmallc.a(lib_a-memcpy.o)

.debug_line     0x0000000000000000      0xd92
 *(.debug_line)
 .debug_line    0x0000000000000000       0x66 c:/Users/Zaet/Desktop/CE4303-Operating_Systems/Tarea_1/software/Tarea1_Clock_bsp//obj/HAL/src/crt0.o
 .debug_line    0x0000000000000066      0x177 obj/default/hello_world_small.o
 .debug_line    0x00000000000001dd      0x2e3 c:/intelfpga_lite/22.1std/nios2eds/bin/gnu/h-x86_64-mingw32/bin/../lib/gcc/nios2-elf/12.2.1/mno-hw-mul\libgcc.a(lib2-divmod.o)
 .debug_line    0x00000000000004c0      0x152 c:/Users/Zaet/Desktop/CE4303-Operating_Systems/Tarea_1/software/Tarea1_Clock_bsp/\libhal_bsp.a(alt_iic.o)
 .debug_line    0x0000000000000612      0x115 c:/Users/Zaet/Desktop/CE4303-Operating_Systems/Tarea_1/software/Tarea1_Clock_bsp/\libhal_bsp.a(alt_iic_isr_register.o)
 .debug_line    0x0000000000000727       0x6b c:/Users/Zaet/Desktop/CE4303-Operating_Systems/Tarea_1/software/Tarea1_Clock_bsp/\libhal_bsp.a(alt_irq_entry.o)
 .debug_line    0x0000000000000792       0xf9 c:/Users/Zaet/Desktop/CE4303-Operating_Systems/Tarea_1/software/Tarea1_Clock_bsp/\libhal_bsp.a(alt_irq_handler.o)
 .debug_line    0x000000000000088b       0x43 c:/Users/Zaet/Desktop/CE4303-Operating_Systems/Tarea_1/software/Tarea1_Clock_bsp/\libhal_bsp.a(alt_irq_vars.o)
 .debug_line    0x00000000000008ce       0xd2 c:/Users/Zaet/Desktop/CE4303-Operating_Systems/Tarea_1/software/Tarea1_Clock_bsp/\libhal_bsp.a(alt_load.o)
 .debug_line    0x00000000000009a0       0xa2 c:/Users/Zaet/Desktop/CE4303-Operating_Systems/Tarea_1/software/Tarea1_Clock_bsp/\libhal_bsp.a(alt_main.o)
 .debug_line    0x0000000000000a42       0x89 c:/Users/Zaet/Desktop/CE4303-Operating_Systems/Tarea_1/software/Tarea1_Clock_bsp/\libhal_bsp.a(alt_sys_init.o)
 .debug_line    0x0000000000000acb       0x4e c:/Users/Zaet/Desktop/CE4303-Operating_Systems/Tarea_1/software/Tarea1_Clock_bsp/\libhal_bsp.a(alt_dcache_flush_all.o)
 .debug_line    0x0000000000000b19       0x9d c:/Users/Zaet/Desktop/CE4303-Operating_Systems/Tarea_1/software/Tarea1_Clock_bsp/\libhal_bsp.a(alt_exception_entry.o)
 .debug_line    0x0000000000000bb6       0x4c c:/Users/Zaet/Desktop/CE4303-Operating_Systems/Tarea_1/software/Tarea1_Clock_bsp/\libhal_bsp.a(alt_icache_flush_all.o)
 .debug_line    0x0000000000000c02       0xb0 c:/Users/Zaet/Desktop/CE4303-Operating_Systems/Tarea_1/software/Tarea1_Clock_bsp/\libhal_bsp.a(alt_instruction_exception_entry.o)
 .debug_line    0x0000000000000cb2       0x54 c:/Users/Zaet/Desktop/CE4303-Operating_Systems/Tarea_1/software/Tarea1_Clock_bsp/\libhal_bsp.a(altera_nios2_gen2_irq.o)
 .debug_line    0x0000000000000d06       0x8c c:/intelfpga_lite/22.1std/nios2eds/bin/gnu/h-x86_64-mingw32/bin/../lib/gcc/nios2-elf/12.2.1/../../../../../H-x86_64-mingw32/nios2-elf/lib/mno-hw-mul\libsmallc.a(lib_a-memcpy.o)

.debug_frame    0x0000000000000000      0x2b4
 *(.debug_frame)
 .debug_frame   0x0000000000000000       0x64 obj/default/hello_world_small.o
 .debug_frame   0x0000000000000064       0x50 c:/intelfpga_lite/22.1std/nios2eds/bin/gnu/h-x86_64-mingw32/bin/../lib/gcc/nios2-elf/12.2.1/mno-hw-mul\libgcc.a(lib2-divmod.o)
 .debug_frame   0x00000000000000b4       0x50 c:/Users/Zaet/Desktop/CE4303-Operating_Systems/Tarea_1/software/Tarea1_Clock_bsp/\libhal_bsp.a(alt_iic.o)
 .debug_frame   0x0000000000000104       0x38 c:/Users/Zaet/Desktop/CE4303-Operating_Systems/Tarea_1/software/Tarea1_Clock_bsp/\libhal_bsp.a(alt_iic_isr_register.o)
 .debug_frame   0x000000000000013c       0x34 c:/Users/Zaet/Desktop/CE4303-Operating_Systems/Tarea_1/software/Tarea1_Clock_bsp/\libhal_bsp.a(alt_irq_handler.o)
 .debug_frame   0x0000000000000170       0x2c c:/Users/Zaet/Desktop/CE4303-Operating_Systems/Tarea_1/software/Tarea1_Clock_bsp/\libhal_bsp.a(alt_load.o)
 .debug_frame   0x000000000000019c       0x2c c:/Users/Zaet/Desktop/CE4303-Operating_Systems/Tarea_1/software/Tarea1_Clock_bsp/\libhal_bsp.a(alt_main.o)
 .debug_frame   0x00000000000001c8       0x3c c:/Users/Zaet/Desktop/CE4303-Operating_Systems/Tarea_1/software/Tarea1_Clock_bsp/\libhal_bsp.a(alt_sys_init.o)
 .debug_frame   0x0000000000000204       0x20 c:/Users/Zaet/Desktop/CE4303-Operating_Systems/Tarea_1/software/Tarea1_Clock_bsp/\libhal_bsp.a(alt_dcache_flush_all.o)
 .debug_frame   0x0000000000000224       0x20 c:/Users/Zaet/Desktop/CE4303-Operating_Systems/Tarea_1/software/Tarea1_Clock_bsp/\libhal_bsp.a(alt_icache_flush_all.o)
 .debug_frame   0x0000000000000244       0x30 c:/Users/Zaet/Desktop/CE4303-Operating_Systems/Tarea_1/software/Tarea1_Clock_bsp/\libhal_bsp.a(alt_instruction_exception_entry.o)
 .debug_frame   0x0000000000000274       0x20 c:/Users/Zaet/Desktop/CE4303-Operating_Systems/Tarea_1/software/Tarea1_Clock_bsp/\libhal_bsp.a(altera_nios2_gen2_irq.o)
 .debug_frame   0x0000000000000294       0x20 c:/intelfpga_lite/22.1std/nios2eds/bin/gnu/h-x86_64-mingw32/bin/../lib/gcc/nios2-elf/12.2.1/../../../../../H-x86_64-mingw32/nios2-elf/lib/mno-hw-mul\libsmallc.a(lib_a-memcpy.o)

.debug_str      0x0000000000000000      0xa38
 *(.debug_str)
 .debug_str     0x0000000000000000       0x6f c:/Users/Zaet/Desktop/CE4303-Operating_Systems/Tarea_1/software/Tarea1_Clock_bsp//obj/HAL/src/crt0.o
 .debug_str     0x000000000000006f      0x13f obj/default/hello_world_small.o
                                        0x18b (size before relaxing)
 .debug_str     0x00000000000001ae       0xc5 c:/intelfpga_lite/22.1std/nios2eds/bin/gnu/h-x86_64-mingw32/bin/../lib/gcc/nios2-elf/12.2.1/mno-hw-mul\libgcc.a(lib2-divmod.o)
                                        0x122 (size before relaxing)
 .debug_str     0x0000000000000273       0xd1 c:/Users/Zaet/Desktop/CE4303-Operating_Systems/Tarea_1/software/Tarea1_Clock_bsp/\libhal_bsp.a(alt_iic.o)
                                        0x1f6 (size before relaxing)
 .debug_str     0x0000000000000344       0x18 c:/Users/Zaet/Desktop/CE4303-Operating_Systems/Tarea_1/software/Tarea1_Clock_bsp/\libhal_bsp.a(alt_iic_isr_register.o)
                                        0x1b5 (size before relaxing)
 .debug_str     0x000000000000035c       0x18 c:/Users/Zaet/Desktop/CE4303-Operating_Systems/Tarea_1/software/Tarea1_Clock_bsp/\libhal_bsp.a(alt_irq_entry.o)
                                         0x78 (size before relaxing)
 .debug_str     0x0000000000000374       0x20 c:/Users/Zaet/Desktop/CE4303-Operating_Systems/Tarea_1/software/Tarea1_Clock_bsp/\libhal_bsp.a(alt_irq_handler.o)
                                        0x144 (size before relaxing)
 .debug_str     0x0000000000000394       0x12 c:/Users/Zaet/Desktop/CE4303-Operating_Systems/Tarea_1/software/Tarea1_Clock_bsp/\libhal_bsp.a(alt_irq_vars.o)
                                         0xf3 (size before relaxing)
 .debug_str     0x00000000000003a6      0x111 c:/Users/Zaet/Desktop/CE4303-Operating_Systems/Tarea_1/software/Tarea1_Clock_bsp/\libhal_bsp.a(alt_load.o)
                                        0x208 (size before relaxing)
 .debug_str     0x00000000000004b7       0x4b c:/Users/Zaet/Desktop/CE4303-Operating_Systems/Tarea_1/software/Tarea1_Clock_bsp/\libhal_bsp.a(alt_main.o)
                                        0x138 (size before relaxing)
 .debug_str     0x0000000000000502       0x3e c:/Users/Zaet/Desktop/CE4303-Operating_Systems/Tarea_1/software/Tarea1_Clock_bsp/\libhal_bsp.a(alt_sys_init.o)
                                        0x140 (size before relaxing)
 .debug_str     0x0000000000000540       0xfd c:/Users/Zaet/Desktop/CE4303-Operating_Systems/Tarea_1/software/Tarea1_Clock_bsp/\libhal_bsp.a(alt_dcache_flush_all.o)
 .debug_str     0x0000000000000540       0x1e c:/Users/Zaet/Desktop/CE4303-Operating_Systems/Tarea_1/software/Tarea1_Clock_bsp/\libhal_bsp.a(alt_exception_entry.o)
                                         0x7e (size before relaxing)
 .debug_str     0x000000000000055e       0xfd c:/Users/Zaet/Desktop/CE4303-Operating_Systems/Tarea_1/software/Tarea1_Clock_bsp/\libhal_bsp.a(alt_icache_flush_all.o)
 .debug_str     0x000000000000055e      0x461 c:/Users/Zaet/Desktop/CE4303-Operating_Systems/Tarea_1/software/Tarea1_Clock_bsp/\libhal_bsp.a(alt_instruction_exception_entry.o)
                                        0x546 (size before relaxing)
 .debug_str     0x00000000000009bf      0x103 c:/Users/Zaet/Desktop/CE4303-Operating_Systems/Tarea_1/software/Tarea1_Clock_bsp/\libhal_bsp.a(altera_nios2_gen2_irq.o)
 .debug_str     0x00000000000009bf       0x79 c:/intelfpga_lite/22.1std/nios2eds/bin/gnu/h-x86_64-mingw32/bin/../lib/gcc/nios2-elf/12.2.1/../../../../../H-x86_64-mingw32/nios2-elf/lib/mno-hw-mul\libsmallc.a(lib_a-memcpy.o)
                                        0x115 (size before relaxing)

.debug_loc
 *(.debug_loc)

.debug_macinfo
 *(.debug_macinfo)

.debug_weaknames
 *(.debug_weaknames)

.debug_funcnames
 *(.debug_funcnames)

.debug_typenames
 *(.debug_typenames)

.debug_varnames
 *(.debug_varnames)

.debug_alt_sim_info
                0x0000000000000000       0x10
 *(.debug_alt_sim_info)
 .debug_alt_sim_info
                0x0000000000000000       0x10 c:/Users/Zaet/Desktop/CE4303-Operating_Systems/Tarea_1/software/Tarea1_Clock_bsp//obj/HAL/src/crt0.o
                0x0000000000014000                __alt_data_end = 0x14000
                0x0000000000014000                PROVIDE (__alt_stack_pointer = __alt_data_end)
                [!provide]                        PROVIDE (__alt_stack_limit = __alt_stack_base)
                [!provide]                        PROVIDE (__alt_heap_start = end)
                [!provide]                        PROVIDE (__alt_heap_limit = 0x14000)
OUTPUT(Tarea1_Clock.elf elf32-littlenios2)
LOAD linker stubs

.debug_ranges   0x0000000000000000       0x70
 .debug_ranges  0x0000000000000000       0x20 c:/Users/Zaet/Desktop/CE4303-Operating_Systems/Tarea_1/software/Tarea1_Clock_bsp//obj/HAL/src/crt0.o
 .debug_ranges  0x0000000000000020       0x28 c:/Users/Zaet/Desktop/CE4303-Operating_Systems/Tarea_1/software/Tarea1_Clock_bsp/\libhal_bsp.a(alt_irq_entry.o)
 .debug_ranges  0x0000000000000048       0x28 c:/Users/Zaet/Desktop/CE4303-Operating_Systems/Tarea_1/software/Tarea1_Clock_bsp/\libhal_bsp.a(alt_exception_entry.o)

.debug_loclists
                0x0000000000000000      0x7ea
 .debug_loclists
                0x0000000000000000       0xa8 obj/default/hello_world_small.o
 .debug_loclists
                0x00000000000000a8      0x37a c:/intelfpga_lite/22.1std/nios2eds/bin/gnu/h-x86_64-mingw32/bin/../lib/gcc/nios2-elf/12.2.1/mno-hw-mul\libgcc.a(lib2-divmod.o)
 .debug_loclists
                0x0000000000000422       0xf9 c:/Users/Zaet/Desktop/CE4303-Operating_Systems/Tarea_1/software/Tarea1_Clock_bsp/\libhal_bsp.a(alt_iic.o)
 .debug_loclists
                0x000000000000051b      0x130 c:/Users/Zaet/Desktop/CE4303-Operating_Systems/Tarea_1/software/Tarea1_Clock_bsp/\libhal_bsp.a(alt_iic_isr_register.o)
 .debug_loclists
                0x000000000000064b       0x6e c:/Users/Zaet/Desktop/CE4303-Operating_Systems/Tarea_1/software/Tarea1_Clock_bsp/\libhal_bsp.a(alt_irq_handler.o)
 .debug_loclists
                0x00000000000006b9       0x1e c:/Users/Zaet/Desktop/CE4303-Operating_Systems/Tarea_1/software/Tarea1_Clock_bsp/\libhal_bsp.a(alt_sys_init.o)
 .debug_loclists
                0x00000000000006d7       0x47 c:/Users/Zaet/Desktop/CE4303-Operating_Systems/Tarea_1/software/Tarea1_Clock_bsp/\libhal_bsp.a(alt_instruction_exception_entry.o)
 .debug_loclists
                0x000000000000071e       0xcc c:/intelfpga_lite/22.1std/nios2eds/bin/gnu/h-x86_64-mingw32/bin/../lib/gcc/nios2-elf/12.2.1/../../../../../H-x86_64-mingw32/nios2-elf/lib/mno-hw-mul\libsmallc.a(lib_a-memcpy.o)

.debug_rnglists
                0x0000000000000000       0xda
 .debug_rnglists
                0x0000000000000000       0x1a obj/default/hello_world_small.o
 .debug_rnglists
                0x000000000000001a       0x3f c:/intelfpga_lite/22.1std/nios2eds/bin/gnu/h-x86_64-mingw32/bin/../lib/gcc/nios2-elf/12.2.1/mno-hw-mul\libgcc.a(lib2-divmod.o)
 .debug_rnglists
                0x0000000000000059       0x13 c:/Users/Zaet/Desktop/CE4303-Operating_Systems/Tarea_1/software/Tarea1_Clock_bsp/\libhal_bsp.a(alt_iic_isr_register.o)
 .debug_rnglists
                0x000000000000006c       0x1f c:/Users/Zaet/Desktop/CE4303-Operating_Systems/Tarea_1/software/Tarea1_Clock_bsp/\libhal_bsp.a(alt_irq_handler.o)
 .debug_rnglists
                0x000000000000008b       0x23 c:/Users/Zaet/Desktop/CE4303-Operating_Systems/Tarea_1/software/Tarea1_Clock_bsp/\libhal_bsp.a(alt_load.o)
 .debug_rnglists
                0x00000000000000ae       0x19 c:/Users/Zaet/Desktop/CE4303-Operating_Systems/Tarea_1/software/Tarea1_Clock_bsp/\libhal_bsp.a(alt_instruction_exception_entry.o)
 .debug_rnglists
                0x00000000000000c7       0x13 c:/intelfpga_lite/22.1std/nios2eds/bin/gnu/h-x86_64-mingw32/bin/../lib/gcc/nios2-elf/12.2.1/../../../../../H-x86_64-mingw32/nios2-elf/lib/mno-hw-mul\libsmallc.a(lib_a-memcpy.o)

.debug_line_str
                0x0000000000000000      0x63c
 .debug_line_str
                0x0000000000000000      0x12d obj/default/hello_world_small.o
                                        0x1a2 (size before relaxing)
 .debug_line_str
                0x000000000000012d       0xf2 c:/intelfpga_lite/22.1std/nios2eds/bin/gnu/h-x86_64-mingw32/bin/../lib/gcc/nios2-elf/12.2.1/mno-hw-mul\libgcc.a(lib2-divmod.o)
                                        0x1b6 (size before relaxing)
 .debug_line_str
                0x000000000000021f       0xba c:/Users/Zaet/Desktop/CE4303-Operating_Systems/Tarea_1/software/Tarea1_Clock_bsp/\libhal_bsp.a(alt_iic.o)
                                        0x13d (size before relaxing)
 .debug_line_str
                0x00000000000002d9       0x2f c:/Users/Zaet/Desktop/CE4303-Operating_Systems/Tarea_1/software/Tarea1_Clock_bsp/\libhal_bsp.a(alt_iic_isr_register.o)
                                        0x14c (size before relaxing)
 .debug_line_str
                0x0000000000000308       0x1a c:/Users/Zaet/Desktop/CE4303-Operating_Systems/Tarea_1/software/Tarea1_Clock_bsp/\libhal_bsp.a(alt_irq_handler.o)
                                        0x11e (size before relaxing)
 .debug_line_str
                0x0000000000000322       0x17 c:/Users/Zaet/Desktop/CE4303-Operating_Systems/Tarea_1/software/Tarea1_Clock_bsp/\libhal_bsp.a(alt_irq_vars.o)
                                         0xfd (size before relaxing)
 .debug_line_str
                0x0000000000000339       0x35 c:/Users/Zaet/Desktop/CE4303-Operating_Systems/Tarea_1/software/Tarea1_Clock_bsp/\libhal_bsp.a(alt_load.o)
                                        0x121 (size before relaxing)
 .debug_line_str
                0x000000000000036e       0x31 c:/Users/Zaet/Desktop/CE4303-Operating_Systems/Tarea_1/software/Tarea1_Clock_bsp/\libhal_bsp.a(alt_main.o)
                                        0x120 (size before relaxing)
 .debug_line_str
                0x000000000000039f       0x27 c:/Users/Zaet/Desktop/CE4303-Operating_Systems/Tarea_1/software/Tarea1_Clock_bsp/\libhal_bsp.a(alt_sys_init.o)
                                        0x109 (size before relaxing)
 .debug_line_str
                0x00000000000003c6       0x1f c:/Users/Zaet/Desktop/CE4303-Operating_Systems/Tarea_1/software/Tarea1_Clock_bsp/\libhal_bsp.a(alt_dcache_flush_all.o)
                                         0xff (size before relaxing)
 .debug_line_str
                0x00000000000003e5       0x1f c:/Users/Zaet/Desktop/CE4303-Operating_Systems/Tarea_1/software/Tarea1_Clock_bsp/\libhal_bsp.a(alt_icache_flush_all.o)
                                         0xff (size before relaxing)
 .debug_line_str
                0x0000000000000404       0x3b c:/Users/Zaet/Desktop/CE4303-Operating_Systems/Tarea_1/software/Tarea1_Clock_bsp/\libhal_bsp.a(alt_instruction_exception_entry.o)
                                        0x155 (size before relaxing)
 .debug_line_str
                0x000000000000043f       0x20 c:/Users/Zaet/Desktop/CE4303-Operating_Systems/Tarea_1/software/Tarea1_Clock_bsp/\libhal_bsp.a(altera_nios2_gen2_irq.o)
                                        0x102 (size before relaxing)
 .debug_line_str
                0x000000000000045f      0x1dd c:/intelfpga_lite/22.1std/nios2eds/bin/gnu/h-x86_64-mingw32/bin/../lib/gcc/nios2-elf/12.2.1/../../../../../H-x86_64-mingw32/nios2-elf/lib/mno-hw-mul\libsmallc.a(lib_a-memcpy.o)
                                        0x2b3 (size before relaxing)
